{
  "classification": "PROPOSED_VOLUME_ADVISOR_BOUNDED_EXECUTION_NOT_SCIENTIFIC_ACCEPTANCE",
  "elapsed_seconds": 1.9739197460003197,
  "cases": [
    {
      "coefficients": [
        1.0,
        0.0,
        20.0
      ],
      "u": 30.0,
      "requested_dt": 2.2306315540047778e-05,
      "used_dt": 1.1153157770023889e-05,
      "rejected_trials": 1
    },
    {
      "coefficients": [
        1.0,
        0.0,
        20.0
      ],
      "u": -30.0,
      "requested_dt": 2.2306315540047778e-05,
      "used_dt": 2.2306315540047778e-05,
      "rejected_trials": 0
    },
    {
      "coefficients": [
        4.0,
        -3.0,
        1.0
      ],
      "u": 30.0,
      "requested_dt": 2.4584764911329626e-05,
      "used_dt": 1.2292382455664813e-05,
      "rejected_trials": 1
    },
    {
      "coefficients": [
        4.0,
        -3.0,
        1.0
      ],
      "u": -30.0,
      "requested_dt": 2.4584764911329626e-05,
      "used_dt": 2.4584764911329626e-05,
      "rejected_trials": 0
    },
    {
      "coefficients": [
        0.1,
        10.0
      ],
      "u": 30.0,
      "requested_dt": 1.753853199696725e-05,
      "used_dt": 1.753853199696725e-05,
      "rejected_trials": 0
    },
    {
      "coefficients": [
        0.1,
        10.0
      ],
      "u": -30.0,
      "requested_dt": 1.753853199696725e-05,
      "used_dt": 8.769265998483624e-06,
      "rejected_trials": 1
    }
  ]
}
