{
  "classification": "AREA02_REPRESENTATION_CORRECTION_NOT_NUMERICAL_ACCEPTANCE",
  "reproducer": [
    {
      "version": "historical",
      "source_sha256": "f23a7442e941f21d074e157a08c84acbe8f390e602216c0dd6d9c630ef7a998c",
      "thin_relative_mass_error": 1.6956841550161963e-07,
      "self_projection_bitwise": false
    },
    {
      "version": "corrected",
      "source_sha256": "3a98afd8d3a369d296b82f067f024f0b8035652298aed6c1498ce1a8cbbd424a",
      "thin_relative_mass_error": 0.0,
      "self_projection_bitwise": true
    }
  ],
  "prior_evolution_arrays_bitwise": {
    "rest-control.npz": true,
    "advisor-controls.npz": true
  }
}
