{
  "classification": "RESEARCH_PROTOTYPE_CONTROLS_NOT_VAL008_ACCEPTANCE",
  "records": [
    {
      "kind": "CONTACT",
      "pair": 0,
      "u": 0.0,
      "steps": 30,
      "elapsed": 0.14268916798755527,
      "max_pressure_error_Pa": 1.2127566151320934e-07,
      "max_velocity_error": 6.983218800240266e-14,
      "ledger_normalized": [
        0.0,
        1.5777218104420236e-30,
        5.478442617293674e-19,
        0.0,
        0.0,
        0.0,
        0.0,
        0.0,
        0.0,
        0.0,
        0.0,
        0.0
      ],
      "sampled_pressure_error_Pa": 1.212902134284377e-07,
      "pieces": 17,
      "material_interface_position": 0.5,
      "expected_position_diagnostic": 0.5,
      "initial_sha256": "60478ee5e9a4f61eee12749bfc9a8d6bf66ef6b6df1a267bc42ba2cf47d16aaf",
      "cache": {
        "hits": 5085,
        "misses": 3,
        "maxsize": 65536,
        "currsize": 3
      },
      "raw_sha256": "5f6e98eaa2732029c60852752179d1fef35698dd71452cadc335b4a425a44d4a",
      "diagnostics_sha256": "cbcda2cdac43965f2a1f0d5e4891844d5646063a4986b89215eff04e93c8357f"
    },
    {
      "kind": "CONTACT",
      "pair": 0,
      "u": 100.0,
      "steps": 30,
      "elapsed": 0.32770678913220763,
      "max_pressure_error_Pa": 1.212902134284377e-07,
      "max_velocity_error": 9.379164112033322e-13,
      "ledger_normalized": [
        0.0,
        0.0,
        6.990637244758004e-19,
        0.0,
        0.0,
        0.0,
        0.0,
        0.0,
        0.0,
        0.0,
        0.0,
        0.0
      ],
      "sampled_pressure_error_Pa": 1.212902134284377e-07,
      "pieces": 24,
      "material_interface_position": 0.6000000000000005,
      "expected_position_diagnostic": 0.6,
      "initial_sha256": "28e21f2618da4422a1f7b4f86239f6c1a61a36cd3c5472c1fd46ca26aa00af9b",
      "cache": {
        "hits": 4978,
        "misses": 110,
        "maxsize": 65536,
        "currsize": 110
      },
      "raw_sha256": "cd7420e9a765148b0dc45bb381f3bacb40ca24a88ba7313b40a1e71c5c31fd0f",
      "diagnostics_sha256": "e9036d067c086bedfd60fea1d224cf78513a94d3016368b8fa4802f3007003ff"
    },
    {
      "kind": "CONTACT",
      "pair": 0,
      "u": -100.0,
      "steps": 30,
      "elapsed": 0.36302690394222736,
      "max_pressure_error_Pa": 1.2165401130914688e-07,
      "max_velocity_error": 1.1226575225009583e-12,
      "ledger_normalized": [
        0.0,
        4.33714120728424e-16,
        4.886164157533979e-18,
        0.0,
        0.0,
        0.0,
        0.0,
        0.0,
        0.0,
        0.0,
        0.0,
        0.0
      ],
      "sampled_pressure_error_Pa": 1.2159580364823341e-07,
      "pieces": 24,
      "material_interface_position": 0.3999999999999999,
      "expected_position_diagnostic": 0.4,
      "initial_sha256": "2541ca2d47fa18aa97938c59bbfe02bec0c38bfdba8393ebc17e85ce051aa6f8",
      "cache": {
        "hits": 4951,
        "misses": 137,
        "maxsize": 65536,
        "currsize": 137
      },
      "raw_sha256": "14edfcc80cb52b43af67fc30496e4ccd181b52e18c71eea26f641078113ee192",
      "diagnostics_sha256": "47949b350d1bb63689591780e70f4beaeb30bb2175293bdaed2478a3948155d6"
    },
    {
      "kind": "CONTACT",
      "pair": 1,
      "u": 0.0,
      "steps": 38,
      "elapsed": 3.7569478661753237,
      "max_pressure_error_Pa": 1.616863301023841e-07,
      "max_velocity_error": 6.971185989651457e-10,
      "ledger_normalized": [
        0.0,
        6.766548542848254e-16,
        1.6839444800274798e-16,
        0.0,
        0.0,
        0.0,
        0.0,
        0.0,
        0.0,
        0.0,
        0.0,
        0.0
      ],
      "sampled_pressure_error_Pa": 8.041388355195522e-08,
      "pieces": 24,
      "material_interface_position": 0.5000000000006839,
      "expected_position_diagnostic": 0.5,
      "initial_sha256": "ae5e95d9694be4f0f2f689abd568249db79e390e9ddff08e0f1913afced6a803",
      "cache": {
        "hits": 4850,
        "misses": 1582,
        "maxsize": 65536,
        "currsize": 1582
      },
      "raw_sha256": "fe830828be879a9b04d2f2aa190cf6968b9f00defeb07d90634b16878b70be6a",
      "diagnostics_sha256": "1c85015ba76e711232c94daca5081e5996f7cfca501e4b9813fc8923bad441cc"
    },
    {
      "kind": "CONTACT",
      "pair": 1,
      "u": 100.0,
      "steps": 38,
      "elapsed": 3.9320921539328992,
      "max_pressure_error_Pa": 1.616863301023841e-07,
      "max_velocity_error": 6.970992671995191e-10,
      "ledger_normalized": [
        0.0,
        7.785476460897299e-17,
        3.7310890341728027e-16,
        0.0,
        0.0,
        0.0,
        0.0,
        0.0,
        0.0,
        0.0,
        0.0,
        0.0
      ],
      "sampled_pressure_error_Pa": 8.515780791640282e-08,
      "pieces": 24,
      "material_interface_position": 0.6000000000006839,
      "expected_position_diagnostic": 0.6,
      "initial_sha256": "c5ae4d6bb7549c53deb13d76164728bd92fe45a32bb25daee836efc07b02ddcf",
      "cache": {
        "hits": 4800,
        "misses": 1632,
        "maxsize": 65536,
        "currsize": 1632
      },
      "raw_sha256": "0c8e36b42edc4e5490c57bf499eb03a2babcf5f73d91e1c1b5c80ae76c9b4c44",
      "diagnostics_sha256": "5e98827cc527d7bdfb52ea46d3c527168d31d445862fc6f9805393672f3f873b"
    },
    {
      "kind": "CONTACT",
      "pair": 1,
      "u": -100.0,
      "steps": 38,
      "elapsed": 3.771564988885075,
      "max_pressure_error_Pa": 1.619482645764947e-07,
      "max_velocity_error": 6.969571586523671e-10,
      "ledger_normalized": [
        0.0,
        2.4134977028781626e-16,
        9.219847994397864e-17,
        0.0,
        0.0,
        0.0,
        0.0,
        0.0,
        0.0,
        0.0,
        0.0,
        0.0
      ],
      "sampled_pressure_error_Pa": 1.0203802958130836e-07,
      "pieces": 24,
      "material_interface_position": 0.400000000000684,
      "expected_position_diagnostic": 0.4,
      "initial_sha256": "8ec1bf3df4ff3ffe3045ec21ba2e2891de663ed84a9872cb616d772f4233209c",
      "cache": {
        "hits": 4743,
        "misses": 1689,
        "maxsize": 65536,
        "currsize": 1689
      },
      "raw_sha256": "ba15534d7e07e9051751c52bdb4ce5a66f8cc9583ec470342aba5fe4019b6c8b",
      "diagnostics_sha256": "bd4fdca510be88a4e869b94c583c52fed58049a2486f914e95a233c917a6a105"
    },
    {
      "kind": "CONTACT",
      "pair": 2,
      "u": 0.0,
      "steps": 49,
      "elapsed": 5.606274558696896,
      "max_pressure_error_Pa": 3.6381243262439966e-07,
      "max_velocity_error": 4.839000022241056e-10,
      "ledger_normalized": [
        0.0,
        1.1500110024891194e-15,
        3.0944492518467584e-16,
        0.0,
        0.0,
        0.0,
        0.0,
        0.0,
        0.0,
        0.0,
        0.0,
        0.0
      ],
      "sampled_pressure_error_Pa": 3.3550895750522614e-07,
      "pieces": 24,
      "material_interface_position": 0.49999999999955036,
      "expected_position_diagnostic": 0.5,
      "initial_sha256": "216b3ce780ef69fb81a2a69fea197a08f19a11b63e940686e10b4c81949aaaba",
      "cache": {
        "hits": 6008,
        "misses": 2272,
        "maxsize": 65536,
        "currsize": 2272
      },
      "raw_sha256": "cd8498632f7e1da5872335633d423b49a7f8c94bcc8fed592bb556d0e52cf7b6",
      "diagnostics_sha256": "ee26bff0b674c1cb8a5fca0408e188a3925f38410af7c6d8c13567ad20004c6f"
    },
    {
      "kind": "CONTACT",
      "pair": 2,
      "u": 100.0,
      "steps": 49,
      "elapsed": 6.269536529202014,
      "max_pressure_error_Pa": 3.639725036919117e-07,
      "max_velocity_error": 4.83723283650761e-10,
      "ledger_normalized": [
        0.0,
        3.3644442217600353e-16,
        3.918846059835759e-16,
        0.0,
        0.0,
        0.0,
        0.0,
        0.0,
        0.0,
        0.0,
        0.0,
        0.0
      ],
      "sampled_pressure_error_Pa": 3.5091943573206663e-07,
      "pieces": 24,
      "material_interface_position": 0.5999999999995504,
      "expected_position_diagnostic": 0.6,
      "initial_sha256": "36f32dbc5eba7c90ea0dac83df0f60eb0d13fbed477f55d61117649961f6ba37",
      "cache": {
        "hits": 5905,
        "misses": 2375,
        "maxsize": 65536,
        "currsize": 2375
      },
      "raw_sha256": "46e51730ae68942325a87dd887eed3dbfdbca6c9f6d57acfae823baf9c037356",
      "diagnostics_sha256": "522e280ae478c4d59bfaab217595c18a94816bce7a7453fb4e5f73c72dded0e5"
    },
    {
      "kind": "CONTACT",
      "pair": 2,
      "u": -100.0,
      "steps": 49,
      "elapsed": 7.058379750233144,
      "max_pressure_error_Pa": 3.6435085348784924e-07,
      "max_velocity_error": 4.840643441639259e-10,
      "ledger_normalized": [
        0.0,
        4.771393623586959e-16,
        2.840252638984549e-16,
        0.0,
        0.0,
        0.0,
        0.0,
        0.0,
        0.0,
        0.0,
        0.0,
        0.0
      ],
      "sampled_pressure_error_Pa": 3.0915543902665377e-07,
      "pieces": 24,
      "material_interface_position": 0.39999999999955027,
      "expected_position_diagnostic": 0.4,
      "initial_sha256": "33bfd1c172b89418636926a04c41d458aca525706a5072de38a5cf9124fec443",
      "cache": {
        "hits": 5900,
        "misses": 2380,
        "maxsize": 65536,
        "currsize": 2380
      },
      "raw_sha256": "554d28fb4d3c3a120a87e544678336d95eed96b4e3991c3df4c91dfd5d159ad4",
      "diagnostics_sha256": "6afb182502c08fea80d15673ac3fc5d6557e587462d11852fb9de5cd51c494f5"
    },
    {
      "kind": "PRESSURE_JUMP_INTERACTION_SMOKE_ONLY",
      "steps": 7,
      "elapsed": 0.5866175349801779,
      "pressure_min": 100000.00000021959,
      "pressure_max": 149999.99999604482,
      "max_velocity": 44.586938388010836,
      "ledger_normalized": [
        0.0,
        1.7763568394002505e-15,
        2.0642594794786895e-16,
        0.0,
        0.0,
        0.0,
        0.0,
        0.0,
        0.0,
        0.0,
        0.0,
        0.0
      ]
    },
    {
      "kind": "SEPARATE_SHOCK_MATERIAL_INTERACTION_SMOKE_ONLY",
      "steps": 32,
      "elapsed": 4.1206427668221295,
      "final_time": 0.0008,
      "transmitted_CO2_pressure_change_Pa": 23193.041909285283,
      "material_velocity": 95.10597936358447,
      "ledger_normalized": [
        0.0,
        0.0,
        2.9209453415836874e-16,
        0.0,
        0.0,
        0.0,
        0.0,
        0.0,
        0.0,
        0.0,
        0.0,
        0.0
      ]
    }
  ],
  "source_sha256": {
    "prototype.py": "be0a1d24dde91ff7cc54c6e7111a320195f113d019cbb068b98800337a68ca32",
    "run_controls.py": "21390765a1fe6c1cb7bc4e1f6a691fb1b38bf53c54eaabfbcb7c85e426323fb5"
  }
}
